// Jest Snapshot v1, https://goo.gl/fbAQLP

exports[`Calculator React Test takes a snapshot from the Calculator component 1`] = `
<div
  className="App"
>
  <div
    id="wrapper"
  >
    <div
      id="calculator-wrapper"
    >
      <Calculator />
    </div>
  </div>
</div>
`;

exports[`card builder takes a snapshot from the HCardBuilder component 1`] = `
<div
  className="App"
>
  <div
    id="wrapper"
  >
    <div
      id="calculator-wrapper"
    >
      <Calculator />
    </div>
  </div>
</div>
`;
